Pipe gevent is open
Domain Gryffindor exists
Pipe Ron_RD is open
Pipe Ron_WR is open
Pipe Harry_RD is open
Pipe Harry_WR is open
Pipe Hermione_RD is open
Pipe Hermione_WR is open
