Pipe gevent is open
Domain Gryffindor exists
Pipe Ron_RD is open
Pipe Ron_WR is open
Pipe Harry_RD is open
Pipe Harry_WR is open
Pipe Hermione_RD is open
Pipe Hermione_WR is open
Pipe Fred_RD is open
Pipe Fred_WR is open
Pipe George_RD is open
Pipe George_WR is open
Domain Gryffindor/Golden Trio exists
Pipe Ron_RD is open
Pipe Ron_WR is open
Pipe Harry_RD is open
Pipe Harry_WR is open
Pipe Hermione_RD is open
Pipe Hermione_WR is open
