Pipe gevent is open
Domain Gryffindor exists
Pipe Roooooooooooooooooooooooooooooooooooooooooooooooooooooooooooooooooooooooooooooooooooooooooooon_WR is open
Pipe Roooooooooooooooooooooooooooooooooooooooooooooooooooooooooooooooooooooooooooooooooooooooooooon_RD is open
