Pipe gevent is open
Domain Gryffindor exists
Pipe Ron_RD is open
Pipe Ron_WR is open
