RonHello I'm Ron
RonHello I'm Ron
RonHello I'm Ron
RonHello I'm Ron
