RonHello I'm Ron
RonNice to meet you all
RonI'm from Gryffindorffffffff
RonHello I'm Ron
RonNice to meet you all
RonI'm from Gryffindorffffffff
RonHello I'm Ron
RonNice to meet you all
RonI'm from Gryffindorffffffff
RonHello I'm Ron
RonNice to meet you all
RonI'm from Gryffindorffffffff
